// Jest Snapshot v1, https://goo.gl/fbAQLP

exports[`SignUp Component renders SignUp component 1`] = `
ShallowWrapper {
  Symbol(enzyme.__root__): [Circular],
  Symbol(enzyme.__unrendered__): <SignUp />,
  Symbol(enzyme.__renderer__): Object {
    "batchedUpdates": [Function],
    "checkPropTypes": [Function],
    "getNode": [Function],
    "render": [Function],
    "simulateError": [Function],
    "simulateEvent": [Function],
    "unmount": [Function],
  },
  Symbol(enzyme.__node__): Object {
    "instance": null,
    "key": undefined,
    "nodeType": "host",
    "props": Object {
      "children": Array [
        <h2>
          Sign Up
        </h2>,
        <form>
          <input
            id="name"
            name="name"
            onChange={[Function]}
            placeholder="Name"
            type="text"
            value=""
          />
          <input
            id="email"
            name="email"
            onChange={[Function]}
            placeholder="Email"
            type="text"
            value=""
          />
          <input
            id="password"
            name="password"
            onChange={[Function]}
            placeholder="Password"
            type="password"
            value=""
          />
          <input
            id="confirmPassword"
            name="confirmPassword"
            onChange={[Function]}
            placeholder="Confirm Password"
            type="password"
            value=""
          />
          <button
            onClick={[Function]}
          >
            Submit
          </button>
        </form>,
      ],
    },
    "ref": null,
    "rendered": Array [
      Object {
        "instance": null,
        "key": undefined,
        "nodeType": "host",
        "props": Object {
          "children": "Sign Up",
        },
        "ref": null,
        "rendered": "Sign Up",
        "type": "h2",
      },
      Object {
        "instance": null,
        "key": undefined,
        "nodeType": "host",
        "props": Object {
          "children": Array [
            <input
              id="name"
              name="name"
              onChange={[Function]}
              placeholder="Name"
              type="text"
              value=""
            />,
            <input
              id="email"
              name="email"
              onChange={[Function]}
              placeholder="Email"
              type="text"
              value=""
            />,
            <input
              id="password"
              name="password"
              onChange={[Function]}
              placeholder="Password"
              type="password"
              value=""
            />,
            <input
              id="confirmPassword"
              name="confirmPassword"
              onChange={[Function]}
              placeholder="Confirm Password"
              type="password"
              value=""
            />,
            <button
              onClick={[Function]}
            >
              Submit
            </button>,
          ],
        },
        "ref": null,
        "rendered": Array [
          Object {
            "instance": null,
            "key": undefined,
            "nodeType": "host",
            "props": Object {
              "id": "name",
              "name": "name",
              "onChange": [Function],
              "placeholder": "Name",
              "type": "text",
              "value": "",
            },
            "ref": null,
            "rendered": null,
            "type": "input",
          },
          Object {
            "instance": null,
            "key": undefined,
            "nodeType": "host",
            "props": Object {
              "id": "email",
              "name": "email",
              "onChange": [Function],
              "placeholder": "Email",
              "type": "text",
              "value": "",
            },
            "ref": null,
            "rendered": null,
            "type": "input",
          },
          Object {
            "instance": null,
            "key": undefined,
            "nodeType": "host",
            "props": Object {
              "id": "password",
              "name": "password",
              "onChange": [Function],
              "placeholder": "Password",
              "type": "password",
              "value": "",
            },
            "ref": null,
            "rendered": null,
            "type": "input",
          },
          Object {
            "instance": null,
            "key": undefined,
            "nodeType": "host",
            "props": Object {
              "id": "confirmPassword",
              "name": "confirmPassword",
              "onChange": [Function],
              "placeholder": "Confirm Password",
              "type": "password",
              "value": "",
            },
            "ref": null,
            "rendered": null,
            "type": "input",
          },
          Object {
            "instance": null,
            "key": undefined,
            "nodeType": "host",
            "props": Object {
              "children": "Submit",
              "onClick": [Function],
            },
            "ref": null,
            "rendered": "Submit",
            "type": "button",
          },
        ],
        "type": "form",
      },
    ],
    "type": "div",
  },
  Symbol(enzyme.__nodes__): Array [
    Object {
      "instance": null,
      "key": undefined,
      "nodeType": "host",
      "props": Object {
        "children": Array [
          <h2>
            Sign Up
          </h2>,
          <form>
            <input
              id="name"
              name="name"
              onChange={[Function]}
              placeholder="Name"
              type="text"
              value=""
            />
            <input
              id="email"
              name="email"
              onChange={[Function]}
              placeholder="Email"
              type="text"
              value=""
            />
            <input
              id="password"
              name="password"
              onChange={[Function]}
              placeholder="Password"
              type="password"
              value=""
            />
            <input
              id="confirmPassword"
              name="confirmPassword"
              onChange={[Function]}
              placeholder="Confirm Password"
              type="password"
              value=""
            />
            <button
              onClick={[Function]}
            >
              Submit
            </button>
          </form>,
        ],
      },
      "ref": null,
      "rendered": Array [
        Object {
          "instance": null,
          "key": undefined,
          "nodeType": "host",
          "props": Object {
            "children": "Sign Up",
          },
          "ref": null,
          "rendered": "Sign Up",
          "type": "h2",
        },
        Object {
          "instance": null,
          "key": undefined,
          "nodeType": "host",
          "props": Object {
            "children": Array [
              <input
                id="name"
                name="name"
                onChange={[Function]}
                placeholder="Name"
                type="text"
                value=""
              />,
              <input
                id="email"
                name="email"
                onChange={[Function]}
                placeholder="Email"
                type="text"
                value=""
              />,
              <input
                id="password"
                name="password"
                onChange={[Function]}
                placeholder="Password"
                type="password"
                value=""
              />,
              <input
                id="confirmPassword"
                name="confirmPassword"
                onChange={[Function]}
                placeholder="Confirm Password"
                type="password"
                value=""
              />,
              <button
                onClick={[Function]}
              >
                Submit
              </button>,
            ],
          },
          "ref": null,
          "rendered": Array [
            Object {
              "instance": null,
              "key": undefined,
              "nodeType": "host",
              "props": Object {
                "id": "name",
                "name": "name",
                "onChange": [Function],
                "placeholder": "Name",
                "type": "text",
                "value": "",
              },
              "ref": null,
              "rendered": null,
              "type": "input",
            },
            Object {
              "instance": null,
              "key": undefined,
              "nodeType": "host",
              "props": Object {
                "id": "email",
                "name": "email",
                "onChange": [Function],
                "placeholder": "Email",
                "type": "text",
                "value": "",
              },
              "ref": null,
              "rendered": null,
              "type": "input",
            },
            Object {
              "instance": null,
              "key": undefined,
              "nodeType": "host",
              "props": Object {
                "id": "password",
                "name": "password",
                "onChange": [Function],
                "placeholder": "Password",
                "type": "password",
                "value": "",
              },
              "ref": null,
              "rendered": null,
              "type": "input",
            },
            Object {
              "instance": null,
              "key": undefined,
              "nodeType": "host",
              "props": Object {
                "id": "confirmPassword",
                "name": "confirmPassword",
                "onChange": [Function],
                "placeholder": "Confirm Password",
                "type": "password",
                "value": "",
              },
              "ref": null,
              "rendered": null,
              "type": "input",
            },
            Object {
              "instance": null,
              "key": undefined,
              "nodeType": "host",
              "props": Object {
                "children": "Submit",
                "onClick": [Function],
              },
              "ref": null,
              "rendered": "Submit",
              "type": "button",
            },
          ],
          "type": "form",
        },
      ],
      "type": "div",
    },
  ],
  Symbol(enzyme.__options__): Object {
    "adapter": ReactSixteenAdapter {
      "options": Object {
        "enableComponentDidUpdateOnSetState": true,
        "legacyContextMode": "parent",
        "lifecycles": Object {
          "componentDidUpdate": Object {
            "onSetState": true,
          },
          "getChildContext": Object {
            "calledByRenderer": false,
          },
          "getDerivedStateFromProps": true,
          "getSnapshotBeforeUpdate": true,
          "setState": Object {
            "skipsComponentDidUpdateOnNullish": true,
          },
        },
      },
    },
  },
}
`;
